{
  "analysis": {
    "findings": [],
    "status": "ok"
  },
  "clauses": [],
  "document": {},
  "findings": [],
  "meta": {
    "active_packs": [],
    "document_type": "Reseller",
    "fired_rules": [],
    "language": "en-GB",
    "model": "mock-static",
    "provider": "mock",
    "rules_evaluated": 0,
    "rules_fired_count": 0,
    "rules_loaded_count": 0,
    "text_bytes": 7709,
    "valid_config": true
  },
  "recommendations": [],
  "results": {
    "summary": {
      "carveouts": {
        "carveouts": [],
        "has_carveouts": false,
        "list": []
      },
      "conditions_vs_warranties": {
        "explicit_conditions": [],
        "explicit_warranties": [],
        "has_conditions": false,
        "has_warranties": false
      },
      "currency": null,
      "dates": {
        "commencement": null,
        "dated": null,
        "effective": null
      },
      "debug": {
        "doctype_top": [
          {
            "score": 1.0,
            "type": "Reseller"
          },
          {
            "score": 1.0,
            "type": "SPA (Shares)"
          },
          {
            "score": 0.5,
            "type": "Supply of Goods"
          },
          {
            "score": 0.5,
            "type": "Distribution"
          },
          {
            "score": 0.5,
            "type": "Lease"
          }
        ]
      },
      "doc_type": {
        "candidates": [
          {
            "score": 1.0,
            "type": "Reseller"
          }
        ],
        "confidence": 1.0,
        "source": "keywords",
        "top": {
          "score": 1.0,
          "type": "Reseller"
        }
      },
      "exclusivity": null,
      "governing_law": null,
      "hints": [
        "purchase",
        "sell"
      ],
      "jurisdiction": null,
      "liability": {
        "cap_currency": null,
        "cap_value": null,
        "has_cap": false,
        "notes": null
      },
      "rules_count": 176,
      "signatures": [],
      "term": {
        "end": null,
        "mode": "unknown",
        "renew_notice": null,
        "start": null
      },
      "type": "Reseller",
      "type_confidence": 1.0,
      "type_source": "keywords"
    }
  },
  "rules_coverage": {
    "doc_type": {
      "source": "keywords",
      "value": "Reseller"
    },
    "rules": []
  },
  "schema_version": "1.4",
  "status": "ok",
  "summary": {
    "carveouts": {
      "carveouts": [],
      "has_carveouts": false,
      "list": []
    },
    "conditions_vs_warranties": {
      "explicit_conditions": [],
      "explicit_warranties": [],
      "has_conditions": false,
      "has_warranties": false
    },
    "currency": null,
    "dates": {
      "commencement": null,
      "dated": null,
      "effective": null
    },
    "debug": {
      "doctype_top": [
        {
          "score": 1.0,
          "type": "Reseller"
        },
        {
          "score": 1.0,
          "type": "SPA (Shares)"
        },
        {
          "score": 0.5,
          "type": "Supply of Goods"
        },
        {
          "score": 0.5,
          "type": "Distribution"
        },
        {
          "score": 0.5,
          "type": "Lease"
        }
      ]
    },
    "doc_type": {
      "candidates": [
        {
          "score": 1.0,
          "type": "Reseller"
        }
      ],
      "confidence": 1.0,
      "source": "keywords",
      "top": {
        "score": 1.0,
        "type": "Reseller"
      }
    },
    "exclusivity": null,
    "governing_law": null,
    "hints": [
      "purchase",
      "sell"
    ],
    "jurisdiction": null,
    "liability": {
      "cap_currency": null,
      "cap_value": null,
      "has_cap": false,
      "notes": null
    },
    "rules_count": 176,
    "signatures": [],
    "term": {
      "end": null,
      "mode": "unknown",
      "renew_notice": null,
      "start": null
    },
    "type": "Reseller",
    "type_confidence": 1.0,
    "type_source": "keywords"
  }
}
